stages3 views 40
Traceback (most recent call last):
  File "/mnt/data/r45_work/test45.py", line 56, in <module>
    h='item/'+it['uid']+'?stage='+st+'&tab='+tab;goto(h);text=scan(h)
                                                 ~~~~^^^
  File "/mnt/data/r45_work/test45.py", line 21, in goto
    p.evaluate('(h)=>location.hash="#/"+h',h);p.wait_for_timeout(60);p.wait_for_selector('[data-ready="true"]')
                                                                     ~~~~~~~~~~~~~~~~~~~^^^^^^^^^^^^^^^^^^^^^^^
  File "/opt/pyvenv/lib/python3.13/site-packages/playwright/sync_api/_generated.py", line 8213, in wait_for_selector
    self._sync(
    ~~~~~~~~~~^
        self._impl_obj.wait_for_selector(
        ^^^^^^^^^^^^^^^^^^^^^^^^^^^^^^^^^
            selector=selector, timeout=timeout, state=state, strict=strict
            ^^^^^^^^^^^^^^^^^^^^^^^^^^^^^^^^^^^^^^^^^^^^^^^^^^^^^^^^^^^^^^
        )
        ^
    )
    ^
  File "/opt/pyvenv/lib/python3.13/site-packages/playwright/_impl/_sync_base.py", line 115, in _sync
    return task.result()
           ~~~~~~~~~~~^^
  File "/opt/pyvenv/lib/python3.13/site-packages/playwright/_impl/_page.py", line 419, in wait_for_selector
    return await self._main_frame.wait_for_selector(**locals_to_params(locals()))
           ^^^^^^^^^^^^^^^^^^^^^^^^^^^^^^^^^^^^^^^^^^^^^^^^^^^^^^^^^^^^^^^^^^^^^^
  File "/opt/pyvenv/lib/python3.13/site-packages/playwright/_impl/_frame.py", line 369, in wait_for_selector
    await self._channel.send(
        "waitForSelector", self._timeout, locals_to_params(locals())
    )
  File "/opt/pyvenv/lib/python3.13/site-packages/playwright/_impl/_connection.py", line 69, in send
    return await self._connection.wrap_api_call(
           ^^^^^^^^^^^^^^^^^^^^^^^^^^^^^^^^^^^^^
    ...<3 lines>...
    )
    ^
  File "/opt/pyvenv/lib/python3.13/site-packages/playwright/_impl/_connection.py", line 559, in wrap_api_call
    raise rewrite_error(error, f"{parsed_st['apiName']}: {error}") from None
playwright._impl._errors.TimeoutError: Page.wait_for_selector: Timeout 30000ms exceeded.
Call log:
  - waiting for locator("[data-ready=\"true\"]") to be visible

